------------------------------------------------------------
Timing Analyzer Summary
------------------------------------------------------------

Type  : Slow 1100mV 85C Model Setup 'inst15|inst4|vgaclk_inst|altera_pll_i|general[0].gpll~PLL_OUTPUT_COUNTER|divclk'
Slack : -14.328
TNS   : -2012.234

Type  : Slow 1100mV 85C Model Setup 'IF_ID:inst2|instr_out[0]'
Slack : -12.454
TNS   : -257.565

Type  : Slow 1100mV 85C Model Setup 'KEY[0]'
Slack : -4.393
TNS   : -5015.067

Type  : Slow 1100mV 85C Model Hold 'inst15|inst4|vgaclk_inst|altera_pll_i|general[0].gpll~PLL_OUTPUT_COUNTER|divclk'
Slack : 0.236
TNS   : 0.000

Type  : Slow 1100mV 85C Model Hold 'KEY[0]'
Slack : 0.287
TNS   : 0.000

Type  : Slow 1100mV 85C Model Hold 'IF_ID:inst2|instr_out[0]'
Slack : 0.574
TNS   : 0.000

Type  : Slow 1100mV 85C Model Minimum Pulse Width 'KEY[0]'
Slack : -2.636
TNS   : -2024.879

Type  : Slow 1100mV 85C Model Minimum Pulse Width 'IF_ID:inst2|instr_out[0]'
Slack : 0.035
TNS   : 0.000

Type  : Slow 1100mV 85C Model Minimum Pulse Width 'inst15|inst4|vgaclk_inst|altera_pll_i|general[0].gpll~FRACTIONAL_PLL|vcoph[0]'
Slack : 0.497
TNS   : 0.000

Type  : Slow 1100mV 85C Model Minimum Pulse Width 'CLOCK_50'
Slack : 9.949
TNS   : 0.000

Type  : Slow 1100mV 85C Model Minimum Pulse Width 'inst15|inst4|vgaclk_inst|altera_pll_i|general[0].gpll~PLL_OUTPUT_COUNTER|divclk'
Slack : 18.493
TNS   : 0.000

Type  : Slow 1100mV 0C Model Setup 'inst15|inst4|vgaclk_inst|altera_pll_i|general[0].gpll~PLL_OUTPUT_COUNTER|divclk'
Slack : -13.973
TNS   : -1975.066

Type  : Slow 1100mV 0C Model Setup 'IF_ID:inst2|instr_out[0]'
Slack : -12.291
TNS   : -253.986

Type  : Slow 1100mV 0C Model Setup 'KEY[0]'
Slack : -4.214
TNS   : -4789.263

Type  : Slow 1100mV 0C Model Hold 'inst15|inst4|vgaclk_inst|altera_pll_i|general[0].gpll~PLL_OUTPUT_COUNTER|divclk'
Slack : 0.258
TNS   : 0.000

Type  : Slow 1100mV 0C Model Hold 'KEY[0]'
Slack : 0.268
TNS   : 0.000

Type  : Slow 1100mV 0C Model Hold 'IF_ID:inst2|instr_out[0]'
Slack : 0.549
TNS   : 0.000

Type  : Slow 1100mV 0C Model Minimum Pulse Width 'KEY[0]'
Slack : -2.636
TNS   : -1893.478

Type  : Slow 1100mV 0C Model Minimum Pulse Width 'IF_ID:inst2|instr_out[0]'
Slack : 0.033
TNS   : 0.000

Type  : Slow 1100mV 0C Model Minimum Pulse Width 'inst15|inst4|vgaclk_inst|altera_pll_i|general[0].gpll~FRACTIONAL_PLL|vcoph[0]'
Slack : 0.497
TNS   : 0.000

Type  : Slow 1100mV 0C Model Minimum Pulse Width 'CLOCK_50'
Slack : 9.980
TNS   : 0.000

Type  : Slow 1100mV 0C Model Minimum Pulse Width 'inst15|inst4|vgaclk_inst|altera_pll_i|general[0].gpll~PLL_OUTPUT_COUNTER|divclk'
Slack : 18.453
TNS   : 0.000

Type  : Fast 1100mV 85C Model Setup 'inst15|inst4|vgaclk_inst|altera_pll_i|general[0].gpll~PLL_OUTPUT_COUNTER|divclk'
Slack : -7.700
TNS   : -1055.611

Type  : Fast 1100mV 85C Model Setup 'IF_ID:inst2|instr_out[0]'
Slack : -5.905
TNS   : -118.610

Type  : Fast 1100mV 85C Model Setup 'KEY[0]'
Slack : -2.629
TNS   : -2253.208

Type  : Fast 1100mV 85C Model Hold 'inst15|inst4|vgaclk_inst|altera_pll_i|general[0].gpll~PLL_OUTPUT_COUNTER|divclk'
Slack : 0.106
TNS   : 0.000

Type  : Fast 1100mV 85C Model Hold 'KEY[0]'
Slack : 0.146
TNS   : 0.000

Type  : Fast 1100mV 85C Model Hold 'IF_ID:inst2|instr_out[0]'
Slack : 0.243
TNS   : 0.000

Type  : Fast 1100mV 85C Model Minimum Pulse Width 'KEY[0]'
Slack : -2.174
TNS   : -1110.889

Type  : Fast 1100mV 85C Model Minimum Pulse Width 'IF_ID:inst2|instr_out[0]'
Slack : 0.265
TNS   : 0.000

Type  : Fast 1100mV 85C Model Minimum Pulse Width 'inst15|inst4|vgaclk_inst|altera_pll_i|general[0].gpll~FRACTIONAL_PLL|vcoph[0]'
Slack : 0.497
TNS   : 0.000

Type  : Fast 1100mV 85C Model Minimum Pulse Width 'CLOCK_50'
Slack : 9.643
TNS   : 0.000

Type  : Fast 1100mV 85C Model Minimum Pulse Width 'inst15|inst4|vgaclk_inst|altera_pll_i|general[0].gpll~PLL_OUTPUT_COUNTER|divclk'
Slack : 18.784
TNS   : 0.000

Type  : Fast 1100mV 0C Model Setup 'inst15|inst4|vgaclk_inst|altera_pll_i|general[0].gpll~PLL_OUTPUT_COUNTER|divclk'
Slack : -7.147
TNS   : -989.942

Type  : Fast 1100mV 0C Model Setup 'IF_ID:inst2|instr_out[0]'
Slack : -5.454
TNS   : -110.573

Type  : Fast 1100mV 0C Model Setup 'KEY[0]'
Slack : -2.312
TNS   : -1867.019

Type  : Fast 1100mV 0C Model Hold 'inst15|inst4|vgaclk_inst|altera_pll_i|general[0].gpll~PLL_OUTPUT_COUNTER|divclk'
Slack : 0.050
TNS   : 0.000

Type  : Fast 1100mV 0C Model Hold 'KEY[0]'
Slack : 0.129
TNS   : 0.000

Type  : Fast 1100mV 0C Model Hold 'IF_ID:inst2|instr_out[0]'
Slack : 0.233
TNS   : 0.000

Type  : Fast 1100mV 0C Model Minimum Pulse Width 'KEY[0]'
Slack : -2.174
TNS   : -1020.534

Type  : Fast 1100mV 0C Model Minimum Pulse Width 'IF_ID:inst2|instr_out[0]'
Slack : 0.290
TNS   : 0.000

Type  : Fast 1100mV 0C Model Minimum Pulse Width 'inst15|inst4|vgaclk_inst|altera_pll_i|general[0].gpll~FRACTIONAL_PLL|vcoph[0]'
Slack : 0.497
TNS   : 0.000

Type  : Fast 1100mV 0C Model Minimum Pulse Width 'CLOCK_50'
Slack : 9.632
TNS   : 0.000

Type  : Fast 1100mV 0C Model Minimum Pulse Width 'inst15|inst4|vgaclk_inst|altera_pll_i|general[0].gpll~PLL_OUTPUT_COUNTER|divclk'
Slack : 18.787
TNS   : 0.000

------------------------------------------------------------
