------------------------------------------------------------
Timing Analyzer Summary
------------------------------------------------------------

Type  : Slow 1100mV 85C Model Setup 'inst15|inst4|vgaclk_inst|altera_pll_i|general[0].gpll~PLL_OUTPUT_COUNTER|divclk'
Slack : -17.139
TNS   : -2145.194

Type  : Slow 1100mV 85C Model Setup 'IF_ID:inst2|instr_out[0]'
Slack : -15.083
TNS   : -927.373

Type  : Slow 1100mV 85C Model Setup 'KEY[0]'
Slack : -11.273
TNS   : -5742.879

Type  : Slow 1100mV 85C Model Hold 'KEY[0]'
Slack : -5.911
TNS   : -448.415

Type  : Slow 1100mV 85C Model Hold 'IF_ID:inst2|instr_out[0]'
Slack : -4.489
TNS   : -59.088

Type  : Slow 1100mV 85C Model Hold 'inst15|inst4|vgaclk_inst|altera_pll_i|general[0].gpll~PLL_OUTPUT_COUNTER|divclk'
Slack : -0.459
TNS   : -1.291

Type  : Slow 1100mV 85C Model Minimum Pulse Width 'IF_ID:inst2|instr_out[0]'
Slack : -3.823
TNS   : -456.307

Type  : Slow 1100mV 85C Model Minimum Pulse Width 'KEY[0]'
Slack : -2.636
TNS   : -2087.245

Type  : Slow 1100mV 85C Model Minimum Pulse Width 'inst15|inst4|vgaclk_inst|altera_pll_i|general[0].gpll~FRACTIONAL_PLL|vcoph[0]'
Slack : 0.497
TNS   : 0.000

Type  : Slow 1100mV 85C Model Minimum Pulse Width 'CLOCK_50'
Slack : 9.949
TNS   : 0.000

Type  : Slow 1100mV 85C Model Minimum Pulse Width 'inst15|inst4|vgaclk_inst|altera_pll_i|general[0].gpll~PLL_OUTPUT_COUNTER|divclk'
Slack : 18.489
TNS   : 0.000

Type  : Slow 1100mV 0C Model Setup 'inst15|inst4|vgaclk_inst|altera_pll_i|general[0].gpll~PLL_OUTPUT_COUNTER|divclk'
Slack : -16.759
TNS   : -2095.282

Type  : Slow 1100mV 0C Model Setup 'IF_ID:inst2|instr_out[0]'
Slack : -14.802
TNS   : -911.263

Type  : Slow 1100mV 0C Model Setup 'KEY[0]'
Slack : -10.764
TNS   : -5516.745

Type  : Slow 1100mV 0C Model Hold 'KEY[0]'
Slack : -5.734
TNS   : -437.093

Type  : Slow 1100mV 0C Model Hold 'IF_ID:inst2|instr_out[0]'
Slack : -4.432
TNS   : -63.587

Type  : Slow 1100mV 0C Model Hold 'inst15|inst4|vgaclk_inst|altera_pll_i|general[0].gpll~PLL_OUTPUT_COUNTER|divclk'
Slack : -0.510
TNS   : -1.742

Type  : Slow 1100mV 0C Model Minimum Pulse Width 'IF_ID:inst2|instr_out[0]'
Slack : -3.720
TNS   : -450.791

Type  : Slow 1100mV 0C Model Minimum Pulse Width 'KEY[0]'
Slack : -2.636
TNS   : -1918.132

Type  : Slow 1100mV 0C Model Minimum Pulse Width 'inst15|inst4|vgaclk_inst|altera_pll_i|general[0].gpll~FRACTIONAL_PLL|vcoph[0]'
Slack : 0.497
TNS   : 0.000

Type  : Slow 1100mV 0C Model Minimum Pulse Width 'CLOCK_50'
Slack : 9.980
TNS   : 0.000

Type  : Slow 1100mV 0C Model Minimum Pulse Width 'inst15|inst4|vgaclk_inst|altera_pll_i|general[0].gpll~PLL_OUTPUT_COUNTER|divclk'
Slack : 18.452
TNS   : 0.000

Type  : Fast 1100mV 85C Model Setup 'inst15|inst4|vgaclk_inst|altera_pll_i|general[0].gpll~PLL_OUTPUT_COUNTER|divclk'
Slack : -9.091
TNS   : -1164.600

Type  : Fast 1100mV 85C Model Setup 'IF_ID:inst2|instr_out[0]'
Slack : -7.802
TNS   : -451.913

Type  : Fast 1100mV 85C Model Setup 'KEY[0]'
Slack : -6.300
TNS   : -2489.510

Type  : Fast 1100mV 85C Model Hold 'KEY[0]'
Slack : -3.289
TNS   : -241.755

Type  : Fast 1100mV 85C Model Hold 'IF_ID:inst2|instr_out[0]'
Slack : -2.180
TNS   : -27.046

Type  : Fast 1100mV 85C Model Hold 'inst15|inst4|vgaclk_inst|altera_pll_i|general[0].gpll~PLL_OUTPUT_COUNTER|divclk'
Slack : 0.029
TNS   : 0.000

Type  : Fast 1100mV 85C Model Minimum Pulse Width 'KEY[0]'
Slack : -2.174
TNS   : -1069.362

Type  : Fast 1100mV 85C Model Minimum Pulse Width 'IF_ID:inst2|instr_out[0]'
Slack : -1.971
TNS   : -209.919

Type  : Fast 1100mV 85C Model Minimum Pulse Width 'inst15|inst4|vgaclk_inst|altera_pll_i|general[0].gpll~FRACTIONAL_PLL|vcoph[0]'
Slack : 0.497
TNS   : 0.000

Type  : Fast 1100mV 85C Model Minimum Pulse Width 'CLOCK_50'
Slack : 9.643
TNS   : 0.000

Type  : Fast 1100mV 85C Model Minimum Pulse Width 'inst15|inst4|vgaclk_inst|altera_pll_i|general[0].gpll~PLL_OUTPUT_COUNTER|divclk'
Slack : 18.784
TNS   : 0.000

Type  : Fast 1100mV 0C Model Setup 'inst15|inst4|vgaclk_inst|altera_pll_i|general[0].gpll~PLL_OUTPUT_COUNTER|divclk'
Slack : -8.432
TNS   : -1085.453

Type  : Fast 1100mV 0C Model Setup 'IF_ID:inst2|instr_out[0]'
Slack : -7.162
TNS   : -419.658

Type  : Fast 1100mV 0C Model Setup 'KEY[0]'
Slack : -5.123
TNS   : -2037.095

Type  : Fast 1100mV 0C Model Hold 'KEY[0]'
Slack : -3.248
TNS   : -246.838

Type  : Fast 1100mV 0C Model Hold 'IF_ID:inst2|instr_out[0]'
Slack : -1.973
TNS   : -26.075

Type  : Fast 1100mV 0C Model Hold 'inst15|inst4|vgaclk_inst|altera_pll_i|general[0].gpll~PLL_OUTPUT_COUNTER|divclk'
Slack : -0.044
TNS   : -0.044

Type  : Fast 1100mV 0C Model Minimum Pulse Width 'KEY[0]'
Slack : -2.174
TNS   : -970.219

Type  : Fast 1100mV 0C Model Minimum Pulse Width 'IF_ID:inst2|instr_out[0]'
Slack : -1.716
TNS   : -180.577

Type  : Fast 1100mV 0C Model Minimum Pulse Width 'inst15|inst4|vgaclk_inst|altera_pll_i|general[0].gpll~FRACTIONAL_PLL|vcoph[0]'
Slack : 0.497
TNS   : 0.000

Type  : Fast 1100mV 0C Model Minimum Pulse Width 'CLOCK_50'
Slack : 9.632
TNS   : 0.000

Type  : Fast 1100mV 0C Model Minimum Pulse Width 'inst15|inst4|vgaclk_inst|altera_pll_i|general[0].gpll~PLL_OUTPUT_COUNTER|divclk'
Slack : 18.787
TNS   : 0.000

------------------------------------------------------------
